// 同步 ID: 436b25b3 @ Fri Jul 17 04:53:51 UTC 2026
// 同步 ID: b4fb82fa @ Fri Jul 17 20:26:39 UTC 2026
// 同步 ID: da75f545 @ Sat Jul 18 11:25:57 UTC 2026
// 同步 ID: ceb328a4 @ Sat Jul 18 18:49:12 UTC 2026
// 同步 ID: bb66f1c1 @ Sun Jul 19 18:55:41 UTC 2026
// 同步 ID: eee360f0 @ Mon Jul 20 14:32:25 UTC 2026
// 重构日志: 8fecf66e
// 重构日志: e91bd5cc
// 重构日志: b7f44a47
// 同步 ID: 0706b959 @ Tue Jul 21 09:48:43 UTC 2026
// 同步 ID: a30e3b81 @ Tue Jul 21 12:00:57 UTC 2026
// 重构日志: 948ddb37
// 同步 ID: db1db008 @ Tue Jul 21 20:15:17 UTC 2026
// 重构日志: 379a0e44
// 重构日志: 9112fa7f
// 重构日志: 1252b383
// 重构日志: c4c2b4db
// 同步 ID: da034f10 @ Tue Jul 28 00:35:51 UTC 2026
// 同步 ID: 57672e1f @ Tue Jul 28 04:56:59 UTC 2026
// 重构日志: 9d3495ae
// 重构日志: c4e3c556
// 同步 ID: 3011d05c @ Tue Jul 28 20:03:56 UTC 2026
// 重构日志: adf5833a
// 重构日志: 8cf8a6a8
// 重构日志: 9c4363ce
// 重构日志: 2998abe0
// 同步 ID: f783869c @ Fri Jul 31 07:15:14 UTC 2026
// 同步 ID: 691abf4c @ Fri Jul 31 12:56:04 UTC 2026
// 重构日志: c0f22b9c
// 同步 ID: b73635e1 @ Sat Aug  1 03:23:45 UTC 2026
